// Jest Snapshot v1, https://goo.gl/fbAQLP

exports[`Video Element YouTube should render a youtube iframe 1`] = `
Object {
  "allow": "autoplay; encrypted-media",
  "allowFullScreen": true,
  "frameBorder": "0",
  "height": 0,
  "src": "https://www.w3schools.com/html/mov_bbb.mp4",
  "title": "https://www.w3schools.com/html/mov_bbb.mp4",
  "width": 0,
}
`;

exports[`Video Element YouTube should render a youtube iframe with an starting time 1`] = `
Object {
  "allow": "autoplay; encrypted-media",
  "allowFullScreen": true,
  "frameBorder": "0",
  "height": 0,
  "src": "https://www.w3schools.com/html/mov_bbb.mp4?start=10",
  "title": "https://www.w3schools.com/html/mov_bbb.mp4",
  "width": 0,
}
`;
